// Jest Snapshot v1, https://goo.gl/fbAQLP

exports[`Divider should match snapshot 1`] = `
<div>
  <hr
    class="MuiDivider-root MuiDivider-fullWidth css-9mgopn-MuiDivider-root"
  />
</div>
`;
