// Jest Snapshot v1, https://goo.gl/fbAQLP

exports[`Tooltip should match snapshot 1`] = `
<div>
  <div
    aria-label="Tooltip Message"
    class=""
    data-mui-internal-clone-element="true"
    style="display: inherit;"
  >
    <button>
      Tooltip
    </button>
  </div>
</div>
`;
