// Jest Snapshot v1, https://goo.gl/fbAQLP

exports[`TextField should match snapshot 1`] = `
<div>
  <div
    class="sc-fqkwJk iUjhJF"
  >
    <div
      class="MuiFormControl-root MuiTextField-root css-1u3bzj6-MuiFormControl-root-MuiTextField-root"
      title=""
    >
      <div
        class="MuiInputBase-root MuiOutlinedInput-root MuiInputBase-colorPrimary MuiInputBase-formControl MuiInputBase-sizeSmall MuiInputBase-adornedEnd css-o9k5xi-MuiInputBase-root-MuiOutlinedInput-root"
      >
        <div
          aria-controls=":re:"
          aria-expanded="false"
          aria-haspopup="listbox"
          aria-labelledby=":rd:"
          class="MuiSelect-select MuiSelect-outlined MuiInputBase-input MuiOutlinedInput-input makeStyles-input-41 MuiInputBase-inputSizeSmall MuiInputBase-inputAdornedEnd css-18dp293-MuiSelect-select-MuiInputBase-input-MuiOutlinedInput-input"
          id=":rd:"
          role="combobox"
          tabindex="0"
        >
          Elm
        </div>
        <input
          aria-hidden="true"
          aria-invalid="false"
          autocomplete="off"
          class="MuiSelect-nativeInput css-yf8vq0-MuiSelect-nativeInput"
          placeholder="Description"
          tabindex="-1"
          value="elm"
        />
        <svg
          aria-hidden="true"
          class="MuiSvgIcon-root MuiSvgIcon-fontSizeMedium MuiSelect-icon MuiSelect-iconOutlined css-hfutr2-MuiSvgIcon-root-MuiSelect-icon"
          data-testid="ArrowDropDownIcon"
          focusable="false"
          viewBox="0 0 24 24"
        >
          <path
            d="M7 10l5 5 5-5z"
          />
        </svg>
        <div
          class="MuiInputAdornment-root MuiInputAdornment-positionEnd MuiInputAdornment-outlined MuiInputAdornment-sizeSmall css-1laqsz7-MuiInputAdornment-root"
        >
          <button
            class="MuiButtonBase-root MuiIconButton-root MuiIconButton-sizeSmall css-1pe4mpk-MuiButtonBase-root-MuiIconButton-root"
            role="clear-button"
            style="margin: 0px 16px 0px 0px;"
            tabindex="0"
            type="button"
          >
            <svg
              aria-hidden="true"
              class="MuiSvgIcon-root MuiSvgIcon-fontSizeInherit css-1vooibu-MuiSvgIcon-root"
              data-testid="ClearIcon"
              focusable="false"
              viewBox="0 0 24 24"
            >
              <path
                d="M19 6.41 17.59 5 12 10.59 6.41 5 5 6.41 10.59 12 5 17.59 6.41 19 12 13.41 17.59 19 19 17.59 13.41 12z"
              />
            </svg>
            <span
              class="MuiTouchRipple-root css-8je8zh-MuiTouchRipple-root"
            />
          </button>
        </div>
        <fieldset
          aria-hidden="true"
          class="MuiOutlinedInput-notchedOutline css-1d3z3hw-MuiOutlinedInput-notchedOutline"
        >
          <legend
            class="css-ihdtdm"
          >
            <span
              class="notranslate"
            >
              â€‹
            </span>
          </legend>
        </fieldset>
      </div>
    </div>
  </div>
</div>
`;
