// Jest Snapshot v1, https://goo.gl/fbAQLP

exports[`Tabs should match snapshot 1`] = `
<div>
  <div
    class="MuiTabs-root"
    style="padding: 5px; margin: 10px; color: red;"
  >
    <div
      class="MuiTabs-scroller MuiTabs-fixed"
      style="overflow: hidden;"
    >
      <div
        class="MuiTabs-flexContainer MuiTabs-centered"
        role="tablist"
      >
        <button
          aria-selected="true"
          class="MuiButtonBase-root MuiTab-root MuiTab-textColorInherit Mui-selected"
          role="tab"
          tabindex="0"
          type="button"
        >
          <span
            class="MuiTab-wrapper"
          >
            Profile
          </span>
          <span
            class="MuiTouchRipple-root"
          />
        </button>
        <button
          aria-selected="false"
          class="MuiButtonBase-root MuiTab-root MuiTab-textColorInherit"
          role="tab"
          tabindex="-1"
          type="button"
        >
          <span
            class="MuiTab-wrapper"
          >
            Enterprise
          </span>
          <span
            class="MuiTouchRipple-root"
          />
        </button>
      </div>
      <span
        class="PrivateTabIndicator-root-9 PrivateTabIndicator-colorPrimary-10 MuiTabs-indicator"
        style="left: 0px; width: 0px;"
      />
    </div>
  </div>
</div>
`;
