// Jest Snapshot v1, https://goo.gl/fbAQLP

exports[`Content should match snapshot 1`] = `
<div>
  <main
    class="sc-bdnyFh cdroBp"
    data-testid="container"
    style="flex: 1; transition: all 500ms ease;"
  >
    I am a Content
  </main>
</div>
`;
