// Jest Snapshot v1, https://goo.gl/fbAQLP

exports[`Drawer should match snapshot 1`] = `
<div
  aria-hidden="true"
/>
`;
