// Jest Snapshot v1, https://goo.gl/fbAQLP

exports[`Typography should match snapshot 1`] = `
<div>
  <p
    class="MuiTypography-root MuiTypography-body2"
    style="margin: 10px; padding: 5px; color: red;"
  >
    Some text
  </p>
</div>
`;
