// Jest Snapshot v1, https://goo.gl/fbAQLP

exports[`Loading should match snapshot 1`] = `
<div>
  <div
    class="sc-aYaIB eiShaW"
    data-testid="loading-component"
    style="margin: 48px; padding: 24px;"
  >
    <span
      class="MuiCircularProgress-root MuiCircularProgress-indeterminate MuiCircularProgress-colorPrimary css-18lrjg1-MuiCircularProgress-root"
      role="progressbar"
      style="width: 72px; height: 72px;"
    >
      <svg
        class="MuiCircularProgress-svg css-1idz92c-MuiCircularProgress-svg"
        viewBox="22 22 44 44"
      >
        <circle
          class="MuiCircularProgress-circle MuiCircularProgress-circleIndeterminate css-176wh8e-MuiCircularProgress-circle"
          cx="44"
          cy="44"
          fill="none"
          r="20.2"
          stroke-width="3.6"
        />
      </svg>
    </span>
  </div>
</div>
`;
