// Jest Snapshot v1, https://goo.gl/fbAQLP

exports[`Chip should match snapshot 1`] = `
<div>
  <div
    class="MuiChip-root"
  >
    <span
      class="MuiChip-label"
    >
      chip-label
    </span>
  </div>
</div>
`;
